// Jest Snapshot v1, https://goo.gl/fbAQLP

exports[`validator module casters throws if value is not castable to array 1`] = `"castToArray is not defined"`;

exports[`validator module casters throws if value is not castable to array 2`] = `"castToArray is not defined"`;

exports[`validator module casters throws if value is not castable to number 1`] = `"Cannot cast >>hi<< to Number"`;

exports[`validator module casters throws if value is not castable to number 2`] = `"Cannot cast >>[object Object]<< to Number"`;

exports[`validator module casters throws if value is not castable to object 1`] = `"castTo is not defined"`;

exports[`validator module casters throws if value is not castable to object 2`] = `"castTo is not defined"`;

exports[`validator module casters throws if value is not castable to string 1`] = `"hi is not defined"`;
